---
source: obsidian-tidy-parser/src/token_stream/interceptor/callout_interceptor.rs
expression: tokens
---
[
    (
        StartCallout(
            Callout {
                kind: "warning",
                header_offset: 2..13,
                foldable: Expanded,
            },
        ),
        0..26,
    ),
    (
        Markdown(
            Start(
                Paragraph,
            ),
        ),
        2..26,
    ),
    (
        Markdown(
            Text(
                Borrowed(
                    "[",
                ),
            ),
        ),
        2..3,
    ),
    (
        Markdown(
            Text(
                Borrowed(
                    "!warning",
                ),
            ),
        ),
        3..11,
    ),
    (
        Markdown(
            Text(
                Borrowed(
                    "]",
                ),
            ),
        ),
        11..12,
    ),
    (
        Markdown(
            Text(
                Borrowed(
                    "+ Custom Title",
                ),
            ),
        ),
        12..26,
    ),
    (
        Markdown(
            End(
                Paragraph,
            ),
        ),
        2..26,
    ),
    (
        EndCallout,
        0..26,
    ),
]
