---
source: obsidian-tidy-parser/src/parser/mod.rs
assertion_line: 34
expression: ast
---
{
  "kind": {
    "Root": {
      "kind": null,
      "children": [
        {
          "kind": {
            "Heading": {
              "kind": {
                "level": "H1"
              },
              "children": [
                {
                  "kind": {
                    "Text": "Heading"
                  },
                  "offset": {
                    "start": 2,
                    "end": 9
                  }
                }
              ]
            }
          },
          "offset": {
            "start": 0,
            "end": 10
          }
        },
        {
          "kind": {
            "Paragraph": {
              "kind": null,
              "children": [
                {
                  "kind": {
                    "Text": "Lol"
                  },
                  "offset": {
                    "start": 10,
                    "end": 13
                  }
                }
              ]
            }
          },
          "offset": {
            "start": 10,
            "end": 13
          }
        }
      ]
    }
  },
  "offset": {
    "start": 0,
    "end": 13
  }
}
