---
source: obsidian-tidy-ast/src/ast/node/paragraph.rs
expression: ast
---
{
  "Root": {
    "children": [
      {
        "Paragraph": {
          "children": [
            {
              "Text": "Super text",
              "offset": {
                "start": 0,
                "end": 10
              }
            }
          ]
        },
        "offset": {
          "start": 0,
          "end": 10
        }
      }
    ]
  },
  "offset": {
    "start": 0,
    "end": 10
  }
}
