---
source: obsidian-tidy-config/tests/integration.rs
expression: json
---
{
  "rules": {
    "error-rule": {
      "enable": false,
      "config": null
    },
    "rule2": {
      "enable": false,
      "config": {
        "name": "rule2",
        "description": "Rule two",
        "category": "spacing",
        "check_result": []
      }
    },
    "test-rule": {
      "enable": true,
      "config": {
        "name": "test-rule",
        "description": "A test rule",
        "category": "content",
        "check_result": []
      }
    }
  }
}
